[COORDINATES]
;Node            	X-Coord           	Y-Coord
2               	-1331.484         	8016.644          
3               	41.609            	8016.644          
4               	41.609            	6712.899          
5               	41.609            	5561.720          
6               	1539.528          	6712.899          
7               	1539.528          	8016.644          
1               	-2732.316         	8030.513          
8               	3058.252          	8072.122          

[VERTICES]
;Link            	X-Coord           	Y-Coord
8               	624.133           	5686.546          
8               	1095.700          	5866.852          
8               	1414.702          	6158.114          

[LABELS]
;X-Coord             Y-Coord             Label & Anchor Node
-3148.405         	8626.907          	"SOURCE"	
-2260.749         	7808.599          	"PUMP"	
2898.752          	7836.338          	"TANK"	

[BACKDROP]
  DIMENSIONS  	0.000             	0.000             	10000.000         	10000.000         
 UNITS          	None
 FILE           	
 OFFSET         	0.00            	0.00            

